    Finished `release` profile [optimized] target(s) in 30.61s
